<h2>Mandates</h2>

<table class='table table-condensed mandates'>

    <tr class='mandate'>
      <td>Member</td>
      <td>
        <a href='/representative/committee/TRAN/'>
          Committee on Transport and Tourism

            TRAN

        </a>
      </td>
      <td>01/07/2014</td>
      <td>present</td>
      <td>European Parliament</td>

    </tr>

    <tr class='mandate'>
      <td>Substitute</td>
      <td>
        <a href='/representative/committee/FEMM/'>
          Committee on Women&#39;s Rights and Gender Equality

            FEMM

        </a>
      </td>
      <td>01/07/2014</td>
      <td>present</td>
      <td>European Parliament</td>

    </tr>

    <tr class='mandate'>
      <td>Substitute</td>
      <td>
        <a href='/representative/committee/EMPL/'>
          Committee on Employment and Social Affairs

            EMPL

        </a>
      </td>
      <td>01/07/2014</td>
      <td>present</td>
      <td>European Parliament</td>

    </tr>

    <tr class='mandate'>
      <td>Member</td>
      <td>
        <a href='/representative/delegation/Delegation%20for%20relations%20with%20India/'>
          Delegation for relations with India

        </a>
      </td>
      <td>14/07/2014</td>
      <td>present</td>
      <td>European Parliament</td>

    </tr>

    <tr class='mandate'>
      <td>Member</td>
      <td>
        <a href='/representative/group/Greens/EFA/'>
          Group of the Greens/European Free Alliance

            Greens/EFA

        </a>
      </td>
      <td>01/07/2014</td>
      <td>present</td>
      <td>European Parliament</td>

    </tr>

    <tr class='mandate'>
      <td></td>
      <td>
        <a href='/representative/country/FR/'>
          France

            FR

        </a>
      </td>
      <td>01/07/2014</td>
      <td>present</td>
      <td>Europe Écologie</td>

    </tr>

    <tr class='mandate'>
      <td>Member</td>
      <td>
        <a href='/representative/committee/EMPL/'>
          Committee on Employment and Social Affairs

            EMPL

        </a>
      </td>
      <td>19/01/2012</td>
      <td>30/06/2014</td>
      <td>European Parliament</td>

    </tr>

    <tr class='mandate'>
      <td>Substitute</td>
      <td>
        <a href='/representative/committee/REGI/'>
          Committee on Regional Development

            REGI

        </a>
      </td>
      <td>19/01/2012</td>
      <td>30/06/2014</td>
      <td>European Parliament</td>

    </tr>

    <tr class='mandate'>
      <td>Member</td>
      <td>
        <a href='/representative/delegation/Delegation%20for%20relations%20with%20India/'>
          Delegation for relations with India

        </a>
      </td>
      <td>16/09/2009</td>
      <td>30/06/2014</td>
      <td>European Parliament</td>

    </tr>

    <tr class='mandate'>
      <td>Member</td>
      <td>
        <a href='/representative/group/Greens/EFA/'>
          Group of the Greens/European Free Alliance

            Greens/EFA

        </a>
      </td>
      <td>14/07/2009</td>
      <td>30/06/2014</td>
      <td>European Parliament</td>

    </tr>

    <tr class='mandate'>
      <td></td>
      <td>
        <a href='/representative/country/FR/'>
          France

            FR

        </a>
      </td>
      <td>14/07/2009</td>
      <td>30/06/2014</td>
      <td>Europe Écologie</td>

    </tr>

    <tr class='mandate'>
      <td>Member</td>
      <td>
        <a href='/representative/committee/EMPL/'>
          Committee on Employment and Social Affairs

            EMPL

        </a>
      </td>
      <td>16/07/2009</td>
      <td>18/01/2012</td>
      <td>European Parliament</td>

    </tr>

    <tr class='mandate'>
      <td>Substitute</td>
      <td>
        <a href='/representative/committee/REGI/'>
          Committee on Regional Development

            REGI

        </a>
      </td>
      <td>14/09/2009</td>
      <td>18/01/2012</td>
      <td>European Parliament</td>

    </tr>

    <tr class='mandate'>
      <td>Member</td>
      <td>
        <a href='/representative/committee/REGI/'>
          Committee on Regional Development

            REGI

        </a>
      </td>
      <td>16/07/2009</td>
      <td>13/09/2009</td>
      <td>European Parliament</td>

    </tr>

</table>
