<tr>
  <td>Our first test recommendation</td>
  <td class="icon-cell">
    <i aria-label="for" class="fa fa-thumbs-up vote_positive" title="for"></i>
  </td>
  <td class="icon-cell">
    <i aria-label="for" class="fa fa-thumbs-up vote_positive" title="for"></i>
  </td>
  <td class="icon-cell">
    <span class="label label-success">4</span>
  </td>
</tr>

<tr>
  <td>Our second recommendation</td>
  <td class="icon-cell">
    <i aria-label="for" class="fa fa-thumbs-up vote_positive" title="for"></i>
  </td>
  <td class="icon-cell">
    <i aria-label="for" class="fa fa-thumbs-up vote_positive" title="for"></i>
  </td>
  <td class="icon-cell">
    <span class="label label-success">6</span>
  </td>
</tr>

<tr>
  <td>Our third recommendation</td>
  <td class="icon-cell">
    <i aria-label="for" class="fa fa-thumbs-up vote_positive" title="for"></i>
  </td>
  <td class="icon-cell">
    <i aria-label="for" class="fa fa-thumbs-up vote_positive" title="for"></i>
  </td>
  <td class="icon-cell">
    <span class="label label-success">5</span>
  </td>
</tr>
