<h2>Public positions</h2>
<table class="table table-condensed">
    <tr class="position">
      <td>08/12/2015</td>
      <td>
        <a href="/position/2/">
          Validated text
        </a>
      </td>
      <td>
          <span class="label label-default">
            acta
          </span>
          <span class="label label-default">
            bar
          </span>
      </td>
      <td>
        <a href="http://example.com/validated">
          http://example.com/validated
        </a>
      </td>
    </tr>

    <tr class="position">
      <td>07/12/2015</td>
      <td>
        <a href="/position/3/">
          Other validated - for sql query assertion
        </a>
      </td>
      <td>
          <span class="label label-default">
            bar
          </span>
      </td>
      <td>
        <a href="http://example.com/other-validated">
          http://example.com/other-validated
        </a>
      </td>
    </tr>
  </table>
