[
{
    "fields": {
        "text": "",
        "updated": "2016-10-05T09:49:40.469Z",
        "title": "Agenda for change: the future of EU development policy",
        "reference": "2012/2002(INI)",
        "created": "2016-10-05T09:49:40.469Z"
    },
    "model": "representatives_votes.dossier"
},
{
    "fields": {
        "text": "",
        "updated": "2016-10-05T09:49:40.477Z",
        "title": "2016 general budget: all sections",
        "reference": "2015/2132(BUD)",
        "created": "2016-10-05T09:49:40.477Z"
    },
    "model": "representatives_votes.dossier"
},
{
    "fields": {
        "text": "",
        "updated": "2016-10-05T09:49:40.482Z",
        "title": "Scheme of control and enforcement applicable in the area covered by the Convention on future multilateral cooperation in the North-East Atlantic fisheries",
        "reference": "2013/2857(DEA)",
        "created": "2016-10-05T09:49:40.482Z"
    },
    "model": "representatives_votes.dossier"
},
{
    "fields": {
        "text": "",
        "updated": "2016-10-05T09:49:40.487Z",
        "title": "Scheme of control and enforcement applicable in the area covered by the Convention on future multilateral cooperation in the North-East Atlantic fisheries",
        "reference": "2015/2623(DEA)",
        "created": "2016-10-05T09:49:40.487Z"
    },
    "model": "representatives_votes.dossier"
},
{
    "fields": {
        "text": "",
        "updated": "2016-10-05T09:49:40.492Z",
        "title": "Scheme of control and enforcement applicable in the area covered by the Convention on future multilateral cooperation in the North-East Atlantic fisheries",
        "reference": "2009/0051(COD)",
        "created": "2016-10-05T09:49:40.492Z"
    },
    "model": "representatives_votes.dossier"
},
{
    "fields": {
        "updated": "2016-10-05T09:49:40.472Z",
        "title": "",
        "dossier": [
            "2012/2002(INI)"
        ],
        "created": "2016-10-05T09:49:40.472Z",
        "kind": "procedure-file",
        "chamber": [
            "EP"
        ],
        "link": "http://www.europarl.europa.eu/oeil/popups/ficheprocedure.do?reference=2012/2002(INI)"
    },
    "model": "representatives_votes.document",
    "pk": 1
},
{
    "fields": {
        "updated": "2016-10-05T09:49:40.479Z",
        "title": "",
        "dossier": [
            "2015/2132(BUD)"
        ],
        "created": "2016-10-05T09:49:40.479Z",
        "kind": "procedure-file",
        "chamber": [
            "EP"
        ],
        "link": "http://www.europarl.europa.eu/oeil/popups/ficheprocedure.do?reference=2015/2132(BUD)"
    },
    "model": "representatives_votes.document",
    "pk": 2
},
{
    "fields": {
        "updated": "2016-10-05T09:49:40.484Z",
        "title": "",
        "dossier": [
            "2013/2857(DEA)"
        ],
        "created": "2016-10-05T09:49:40.484Z",
        "kind": "procedure-file",
        "chamber": [
            "EP"
        ],
        "link": "http://www.europarl.europa.eu/oeil/popups/ficheprocedure.do?reference=2013/2857(DEA)"
    },
    "model": "representatives_votes.document",
    "pk": 3
},
{
    "fields": {
        "updated": "2016-10-05T09:49:40.489Z",
        "title": "",
        "dossier": [
            "2015/2623(DEA)"
        ],
        "created": "2016-10-05T09:49:40.489Z",
        "kind": "procedure-file",
        "chamber": [
            "EP"
        ],
        "link": "http://www.europarl.europa.eu/oeil/popups/ficheprocedure.do?reference=2015/2623(DEA)"
    },
    "model": "representatives_votes.document",
    "pk": 4
},
{
    "fields": {
        "updated": "2016-10-05T09:49:40.496Z",
        "title": "",
        "dossier": [
            "2009/0051(COD)"
        ],
        "created": "2016-10-05T09:49:40.496Z",
        "kind": "procedure-file",
        "chamber": [
            "EP"
        ],
        "link": "http://www.europarl.europa.eu/oeil/popups/ficheprocedure.do?reference=2009/0051(COD)"
    },
    "model": "representatives_votes.document",
    "pk": 5
}
]
