[
{
    "fields": {
        "text": "",
        "title": "2016 general budget: all sections",
        "reference": "2015/2132(BUD)"
    },
    "model": "representatives_votes.dossier"
},
{
    "fields": {
        "title": "",
        "dossier": [
            "2015/2132(BUD)"
        ],
        "kind": "procedure-file",
        "chamber": [
            "EP"
        ],
        "link": "http://www.europarl.europa.eu/oeil/popups/ficheprocedure.do?reference=2015/2132(BUD)"
    },
    "model": "representatives_votes.document",
    "pk": 1
},
{
    "fields": {
        "total_for": 1,
        "description": "",
        "reference": "A8-0298/2015",
        "title": "A8-0298/2015 -  Jos\u00e9 Manuel Fernandes et  G\u00e9rard Deprez - Am 29",
        "dossier": [
            "2015/2132(BUD)"
        ],
        "kind": "Am 29",
        "datetime": "2015-10-28T12:00:12Z",
        "total_against": 1,
        "total_abstain": 0
    },
    "model": "representatives_votes.proposal"
},
{
    "fields": {
        "representative_name": "",
        "position": "for",
        "proposal": [
            "A8-0298/2015 -  Jos\u00e9 Manuel Fernandes et  G\u00e9rard Deprez - Am 29",
            "2015/2132(BUD)"
        ],
        "representative": [
            "hubert-pirker-1948-10-03"
        ]
    },
    "model": "representatives_votes.vote",
    "pk": 1
},
{
    "fields": {
        "representative_name": "",
        "position": "against",
        "proposal": [
            "A8-0298/2015 -  Jos\u00e9 Manuel Fernandes et  G\u00e9rard Deprez - Am 29",
            "2015/2132(BUD)"
        ],
        "representative": [
            "olle-ludvigsson-1948-10-28"
        ]
    },
    "model": "representatives_votes.vote",
    "pk": 2
}
]
