[
{
    "fields": {
        "representative_name": "",
        "position": "abstain",
        "proposal": [
            "A7-0234/2012",
            "2012/2002(INI)"
        ],
        "representative": [
            "olle-ludvigsson-1948-10-28"
        ]
    },
    "model": "representatives_votes.vote",
    "pk": 1
},
{
    "fields": {
        "representative_name": "",
        "position": "abstain",
        "proposal": [
            "A7-0234/2012",
            "2012/2002(INI)"
        ],
        "representative": [
            "hubert-pirker-1948-10-03"
        ]
    },
    "model": "representatives_votes.vote",
    "pk": 2
},
{
    "fields": {
        "representative_name": "",
        "position": "for",
        "proposal": [
            "A7-0234/2012",
            "2012/2002(INI)"
        ],
        "representative": [
            "olle-ludvigsson-1948-10-28"
        ]
    },
    "model": "representatives_votes.vote",
    "pk": 3
},
{
    "fields": {
        "representative_name": "",
        "position": "for",
        "proposal": [
            "A7-0234/2012",
            "2012/2002(INI)"
        ],
        "representative": [
            "hubert-pirker-1948-10-03"
        ]
    },
    "model": "representatives_votes.vote",
    "pk": 4
},
{
    "fields": {
        "representative_name": "",
        "position": "against",
        "proposal": [
            "A8-0298/2015",
            "2015/2132(BUD)"
        ],
        "representative": [
            "olle-ludvigsson-1948-10-28"
        ]
    },
    "model": "representatives_votes.vote",
    "pk": 5
},
{
    "fields": {
        "representative_name": "",
        "position": "against",
        "proposal": [
            "A8-0298/2015",
            "2015/2132(BUD)"
        ],
        "representative": [
            "hubert-pirker-1948-10-03"
        ]
    },
    "model": "representatives_votes.vote",
    "pk": 6
},
{
    "fields": {
        "representative_name": "",
        "position": "for",
        "proposal": [
            "A8-0298/2015",
            "2015/2132(BUD)"
        ],
        "representative": [
            "hubert-pirker-1948-10-03"
        ]
    },
    "model": "representatives_votes.vote",
    "pk": 7
},
{
    "fields": {
        "representative_name": "",
        "position": "against",
        "proposal": [
            "A8-0298/2015",
            "2015/2132(BUD)"
        ],
        "representative": [
            "olle-ludvigsson-1948-10-28"
        ]
    },
    "model": "representatives_votes.vote",
    "pk": 8
},
{
    "fields": {
        "representative_name": "",
        "position": "abstain",
        "proposal": [
            "A8-0298/2015",
            "2015/2132(BUD)"
        ],
        "representative": [
            "hubert-pirker-1948-10-03"
        ]
    },
    "model": "representatives_votes.vote",
    "pk": 9
},
{
    "fields": {
        "representative_name": "",
        "position": "against",
        "proposal": [
            "A8-0298/2015",
            "2015/2132(BUD)"
        ],
        "representative": [
            "olle-ludvigsson-1948-10-28"
        ]
    },
    "model": "representatives_votes.vote",
    "pk": 10
},
{
    "fields": {
        "representative_name": "",
        "position": "for",
        "proposal": [
            "A8-0298/2015",
            "2015/2132(BUD)"
        ],
        "representative": [
            "hubert-pirker-1948-10-03"
        ]
    },
    "model": "representatives_votes.vote",
    "pk": 11
}
]
