[
{
    "fields": {
        "abbreviation": "AN",
        "country": [
            "FR"
        ],
        "name": "Assembl\u00e9e nationale"
    },
    "model": "representatives.chamber"
},
{
    "fields": {
        "abbreviation": "SEN",
        "country": [
            "FR"
        ],
        "name": "S\u00e9nat"
    },
    "model": "representatives.chamber"
},
{
    "fields": {
        "text": "",
        "updated": "2016-10-05T09:33:06.310Z",
        "title": "Education : libre choix des maires concernant les rythmes scolaires dans le premier degr\u00e9",
        "reference": "14/liberte_maires_rythmes_scolaires_premier_degre",
        "created": "2016-10-05T09:33:06.310Z"
    },
    "model": "representatives_votes.dossier"
},
{
    "fields": {
        "text": "",
        "updated": "2016-10-05T09:33:06.325Z",
        "title": "Collectivit\u00e9s territoriales : action publique territoriale et m\u00e9tropoles",
        "reference": "14/action_publique_territoriale_metropoles",
        "created": "2016-10-05T09:33:06.318Z"
    },
    "model": "representatives_votes.dossier"
},
{
    "fields": {
        "text": "",
        "updated": "2016-10-05T09:33:06.338Z",
        "title": "Protection de l'enfant",
        "reference": "ppl13-799",
        "created": "2016-10-05T09:33:06.338Z"
    },
    "model": "representatives_votes.dossier"
},
{
    "fields": {
        "updated": "2016-10-05T09:33:06.314Z",
        "title": "",
        "dossier": [
            "14/liberte_maires_rythmes_scolaires_premier_degre"
        ],
        "created": "2016-10-05T09:33:06.314Z",
        "kind": "procedure-file",
        "chamber": [
            "AN"
        ],
        "link": "http://www.assemblee-nationale.fr/14/dossiers/liberte_maires_rythmes_scolaires_premier_degre.asp"
    },
    "model": "representatives_votes.document",
    "pk": 1
},
{
    "fields": {
        "updated": "2016-10-05T09:33:06.320Z",
        "title": "",
        "dossier": [
            "14/action_publique_territoriale_metropoles"
        ],
        "created": "2016-10-05T09:33:06.320Z",
        "kind": "procedure-file",
        "chamber": [
            "SEN"
        ],
        "link": "http://www.senat.fr/dossier-legislatif/pjl12-495.html"
    },
    "model": "representatives_votes.document",
    "pk": 2
},
{
    "fields": {
        "updated": "2016-10-05T09:33:06.332Z",
        "title": "",
        "dossier": [
            "14/action_publique_territoriale_metropoles"
        ],
        "created": "2016-10-05T09:33:06.331Z",
        "kind": "procedure-file",
        "chamber": [
            "AN"
        ],
        "link": "http://www.assemblee-nationale.fr/14/dossiers/action_publique_territoriale_metropoles.asp"
    },
    "model": "representatives_votes.document",
    "pk": 3
},
{
    "fields": {
        "updated": "2016-10-05T09:33:06.342Z",
        "title": "",
        "dossier": [
            "ppl13-799"
        ],
        "created": "2016-10-05T09:33:06.342Z",
        "kind": "procedure-file",
        "chamber": [
            "SEN"
        ],
        "link": "http://www.senat.fr/dossier-legislatif/ppl13-799.html"
    },
    "model": "representatives_votes.document",
    "pk": 4
}
]
