[
{
    "fields": {
        "last_name": "PIRKER",
        "gender": 2,
        "first_name": "Hubert",
        "cv": "Transport and security spokesman, \u00d6VP Delegation, European Parliament;\nsecurity spokesman, \u00d6VP Delegation, European Parliament (2006-2009); security spokesman (coordinator), EPP Group (1999-2004); Deputy Head of \u00d6VP Delegation, European Parliament (1996-2004);",
        "active": false,
        "birth_place": "Gries",
        "full_name": "Hubert PIRKER",
        "photo": "http://www.europarl.europa.eu/mepphoto/2307.jpg",
        "birth_date": "1948-10-03",
        "slug": "hubert-pirker-1948-10-03"
    },
    "model": "representatives.representative"
},
{
    "fields": {
        "last_name": "LUDVIGSSON",
        "gender": 2,
        "first_name": "Olle",
        "cv": "",
        "active": true,
        "birth_place": "H\u00e4ls\u00f6",
        "full_name": "Olle LUDVIGSSON",
        "photo": "http://www.europarl.europa.eu/mepphoto/96673.jpg",
        "birth_date": "1948-10-28",
        "slug": "olle-ludvigsson-1948-10-28"
    },
    "model": "representatives.representative"
},
{
    "fields": {
        "email": "olle.ludvigsson@europarl.europa.eu",
        "representative": [
            "olle-ludvigsson-1948-10-28"
        ],
        "kind": "official"
    },
    "model": "representatives.email",
    "pk": 1
},
{
    "fields": {
        "url": "http://www.europarl.europa.eu/meps/en/2307/_home.html",
        "representative": [
            "hubert-pirker-1948-10-03"
        ],
        "kind": "EP"
    },
    "model": "representatives.website",
    "pk": 1
},
{
    "fields": {
        "url": "http://www.europarl.europa.eu/meps/en/96673/_home.html",
        "representative": [
            "olle-ludvigsson-1948-10-28"
        ],
        "kind": "EP"
    },
    "model": "representatives.website",
    "pk": 2
},
{
    "fields": {
        "url": "http://www.sap.se/olle",
        "representative": [
            "olle-ludvigsson-1948-10-28"
        ],
        "kind": ""
    },
    "model": "representatives.website",
    "pk": 3
},
{
    "fields": {
        "url": "http://twitter.com/olleludvigsson",
        "representative": [
            "olle-ludvigsson-1948-10-28"
        ],
        "kind": "twitter"
    },
    "model": "representatives.website",
    "pk": 4
},
{
    "fields": {
        "url": "https://www.facebook.com/olle.ludvigsson",
        "representative": [
            "olle-ludvigsson-1948-10-28"
        ],
        "kind": "facebook"
    },
    "model": "representatives.website",
    "pk": 5
},
{
    "fields": {
        "city": "Brussels",
        "name": "Brussels European Parliament",
        "country": [
            "BE"
        ],
        "floor": "14G",
        "number": "60",
        "street": "rue Wiertz / Wiertzstraat",
        "office_number": "257",
        "representative": [
            "olle-ludvigsson-1948-10-28"
        ],
        "location": "",
        "kind": "official",
        "postcode": "1047"
    },
    "model": "representatives.address"
},
{
    "fields": {
        "city": "Strasbourg",
        "name": "Strasbourg European Parliament",
        "country": [
            "FR"
        ],
        "floor": "T07",
        "number": "1",
        "street": "Av. du Pr\u00e9sident Robert Schuman - CS 91024",
        "office_number": "070",
        "representative": [
            "olle-ludvigsson-1948-10-28"
        ],
        "location": "",
        "kind": "official",
        "postcode": "67070"
    },
    "model": "representatives.address"
},
{
    "fields": {
        "number": "+322 28 45442",
        "representative": [
            "olle-ludvigsson-1948-10-28"
        ],
        "address": [
            "Brussels European Parliament",
            "official",
            "olle-ludvigsson-1948-10-28"
        ],
        "kind": "office phone"
    },
    "model": "representatives.phone",
    "pk": 1
},
{
    "fields": {
        "number": "+333 88 1 75442",
        "representative": [
            "olle-ludvigsson-1948-10-28"
        ],
        "address": [
            "Strasbourg European Parliament",
            "official",
            "olle-ludvigsson-1948-10-28"
        ],
        "kind": "office phone"
    },
    "model": "representatives.phone",
    "pk": 2
},
{
    "fields": {
        "abbreviation": "EP",
        "country": null,
        "name": "European Parliament"
    },
    "model": "representatives.chamber"
},
{
    "fields": {
        "name": "European Parliament",
        "kind": "chamber",
        "abbreviation": "EP",
        "chamber": [
            "EP"
        ]
    },
    "model": "representatives.group"
},
{
    "fields": {
        "name": "Committee on Employment and Social Affairs",
        "kind": "committee",
        "abbreviation": "EMPL",
        "chamber": [
            "EP"
        ]
    },
    "model": "representatives.group"
},
{
    "fields": {
        "name": "Delegation for relations with the countries of Southeast Asia and the Association of Southeast Asian Nations (ASEAN)",
        "kind": "delegation",
        "abbreviation": "",
        "chamber": [
            "EP"
        ]
    },
    "model": "representatives.group"
},
{
    "fields": {
        "name": "Delegation for relations with the Member States of ASEAN, South-east Asia and the Republic of Korea",
        "kind": "delegation",
        "abbreviation": "",
        "chamber": [
            "EP"
        ]
    },
    "model": "representatives.group"
},
{
    "fields": {
        "name": "Group of the European People's Party (Christian Democrats) and European Democrats",
        "kind": "group",
        "abbreviation": "PPE-DE",
        "chamber": [
            "EP"
        ]
    },
    "model": "representatives.group"
},
{
    "fields": {
        "name": "Group of the European People's Party (Christian-Democratic Group)",
        "kind": "group",
        "abbreviation": "EPP",
        "chamber": [
            "EP"
        ]
    },
    "model": "representatives.group"
},
{
    "fields": {
        "name": "Austria",
        "kind": "country",
        "abbreviation": "AT",
        "chamber": null
    },
    "model": "representatives.group"
},
{
    "fields": {
        "name": "Conference of Delegation Chairs",
        "kind": "organization",
        "abbreviation": "",
        "chamber": null
    },
    "model": "representatives.group"
},
{
    "fields": {
        "name": "Committee on Economic and Monetary Affairs",
        "kind": "committee",
        "abbreviation": "ECON",
        "chamber": [
            "EP"
        ]
    },
    "model": "representatives.group"
},
{
    "fields": {
        "name": "Committee on Industry, Research and Energy",
        "kind": "committee",
        "abbreviation": "ITRE",
        "chamber": [
            "EP"
        ]
    },
    "model": "representatives.group"
},
{
    "fields": {
        "name": "Delegation to the EU-Serbia Stabilisation and Association Parliamentary Committee",
        "kind": "delegation",
        "abbreviation": "",
        "chamber": [
            "EP"
        ]
    },
    "model": "representatives.group"
},
{
    "fields": {
        "name": "Delegation for relations with Bosnia and Herzegovina, and Kosovo",
        "kind": "delegation",
        "abbreviation": "",
        "chamber": [
            "EP"
        ]
    },
    "model": "representatives.group"
},
{
    "fields": {
        "name": "Delegation for relations with Australia and New Zealand",
        "kind": "delegation",
        "abbreviation": "",
        "chamber": [
            "EP"
        ]
    },
    "model": "representatives.group"
},
{
    "fields": {
        "name": "Group of the Progressive Alliance of Socialists and Democrats in the European Parliament",
        "kind": "group",
        "abbreviation": "SD",
        "chamber": [
            "EP"
        ]
    },
    "model": "representatives.group"
},
{
    "fields": {
        "name": "Sweden",
        "kind": "country",
        "abbreviation": "SE",
        "chamber": null
    },
    "model": "representatives.group"
},
{
    "fields": {
        "country": null,
        "name": "European Parliament"
    },
    "model": "representatives.constituency"
},
{
    "fields": {
        "country": [
            "AT"
        ],
        "name": "\u00d6sterreichische Volkspartei"
    },
    "model": "representatives.constituency"
},
{
    "fields": {
        "country": [
            "SE"
        ],
        "name": "Arbetarepartiet- Socialdemokraterna"
    },
    "model": "representatives.constituency"
},
{
    "fields": {
        "group": [
            "Committee on Employment and Social Affairs",
            "committee",
            "EP"
        ],
        "end_date": "1999-07-19",
        "role": "Substitute",
        "representative": [
            "hubert-pirker-1948-10-03"
        ],
        "link": "",
        "begin_date": "1997-01-16",
        "constituency": [
            "European Parliament",
            null
        ]
    },
    "model": "representatives.mandate"
},
{
    "fields": {
        "group": [
            "Delegation for relations with the countries of Southeast Asia and the Association of Southeast Asian Nations (ASEAN)",
            "delegation",
            "EP"
        ],
        "end_date": "2014-06-30",
        "role": "Member",
        "representative": [
            "hubert-pirker-1948-10-03"
        ],
        "link": "",
        "begin_date": "2013-10-09",
        "constituency": [
            "European Parliament",
            null
        ]
    },
    "model": "representatives.mandate"
},
{
    "fields": {
        "group": [
            "Delegation for relations with the Member States of ASEAN, South-east Asia and the Republic of Korea",
            "delegation",
            "EP"
        ],
        "end_date": "1997-01-15",
        "role": "Member",
        "representative": [
            "hubert-pirker-1948-10-03"
        ],
        "link": "",
        "begin_date": "1996-11-14",
        "constituency": [
            "European Parliament",
            null
        ]
    },
    "model": "representatives.mandate"
},
{
    "fields": {
        "group": [
            "Group of the European People's Party (Christian Democrats) and European Democrats",
            "group",
            "EP"
        ],
        "end_date": "2004-07-19",
        "role": "Member",
        "representative": [
            "hubert-pirker-1948-10-03"
        ],
        "link": "",
        "begin_date": "1999-07-20",
        "constituency": [
            "European Parliament",
            null
        ]
    },
    "model": "representatives.mandate"
},
{
    "fields": {
        "group": [
            "Group of the European People's Party (Christian-Democratic Group)",
            "group",
            "EP"
        ],
        "end_date": "1999-07-19",
        "role": "Member",
        "representative": [
            "hubert-pirker-1948-10-03"
        ],
        "link": "",
        "begin_date": "1996-11-11",
        "constituency": [
            "European Parliament",
            null
        ]
    },
    "model": "representatives.mandate"
},
{
    "fields": {
        "group": [
            "Austria",
            "country",
            null
        ],
        "end_date": "2004-07-19",
        "role": "",
        "representative": [
            "hubert-pirker-1948-10-03"
        ],
        "link": "",
        "begin_date": "1999-07-20",
        "constituency": [
            "\u00d6sterreichische Volkspartei",
            "AT"
        ]
    },
    "model": "representatives.mandate"
},
{
    "fields": {
        "group": [
            "European Parliament",
            "chamber",
            "EP"
        ],
        "end_date": "2004-07-19",
        "role": "",
        "representative": [
            "hubert-pirker-1948-10-03"
        ],
        "link": "",
        "begin_date": "1999-07-20",
        "constituency": [
            "European Parliament",
            null
        ]
    },
    "model": "representatives.mandate"
},
{
    "fields": {
        "group": [
            "Austria",
            "country",
            null
        ],
        "end_date": "1999-07-19",
        "role": "",
        "representative": [
            "hubert-pirker-1948-10-03"
        ],
        "link": "",
        "begin_date": "1996-11-11",
        "constituency": [
            "\u00d6sterreichische Volkspartei",
            "AT"
        ]
    },
    "model": "representatives.mandate"
},
{
    "fields": {
        "group": [
            "European Parliament",
            "chamber",
            "EP"
        ],
        "end_date": "1999-07-19",
        "role": "",
        "representative": [
            "hubert-pirker-1948-10-03"
        ],
        "link": "",
        "begin_date": "1996-11-11",
        "constituency": [
            "European Parliament",
            null
        ]
    },
    "model": "representatives.mandate"
},
{
    "fields": {
        "group": [
            "Conference of Delegation Chairs",
            "organization",
            null
        ],
        "end_date": "2009-07-13",
        "role": "Member",
        "representative": [
            "hubert-pirker-1948-10-03"
        ],
        "link": "",
        "begin_date": "2006-03-21",
        "constituency": [
            "European Parliament",
            null
        ]
    },
    "model": "representatives.mandate"
},
{
    "fields": {
        "group": [
            "Committee on Economic and Monetary Affairs",
            "committee",
            "EP"
        ],
        "end_date": "9999-12-31",
        "role": "Member",
        "representative": [
            "olle-ludvigsson-1948-10-28"
        ],
        "link": "",
        "begin_date": "2014-07-01",
        "constituency": [
            "European Parliament",
            null
        ]
    },
    "model": "representatives.mandate"
},
{
    "fields": {
        "group": [
            "Committee on Industry, Research and Energy",
            "committee",
            "EP"
        ],
        "end_date": "9999-12-31",
        "role": "Substitute",
        "representative": [
            "olle-ludvigsson-1948-10-28"
        ],
        "link": "",
        "begin_date": "2014-07-08",
        "constituency": [
            "European Parliament",
            null
        ]
    },
    "model": "representatives.mandate"
},
{
    "fields": {
        "group": [
            "Committee on Economic and Monetary Affairs",
            "committee",
            "EP"
        ],
        "end_date": "2012-01-18",
        "role": "Substitute",
        "representative": [
            "olle-ludvigsson-1948-10-28"
        ],
        "link": "",
        "begin_date": "2009-07-16",
        "constituency": [
            "European Parliament",
            null
        ]
    },
    "model": "representatives.mandate"
},
{
    "fields": {
        "group": [
            "Delegation to the EU-Serbia Stabilisation and Association Parliamentary Committee",
            "delegation",
            "EP"
        ],
        "end_date": "9999-12-31",
        "role": "Member",
        "representative": [
            "olle-ludvigsson-1948-10-28"
        ],
        "link": "",
        "begin_date": "2014-07-14",
        "constituency": [
            "European Parliament",
            null
        ]
    },
    "model": "representatives.mandate"
},
{
    "fields": {
        "group": [
            "Delegation for relations with Bosnia and Herzegovina, and Kosovo",
            "delegation",
            "EP"
        ],
        "end_date": "9999-12-31",
        "role": "Substitute",
        "representative": [
            "olle-ludvigsson-1948-10-28"
        ],
        "link": "",
        "begin_date": "2015-05-18",
        "constituency": [
            "European Parliament",
            null
        ]
    },
    "model": "representatives.mandate"
},
{
    "fields": {
        "group": [
            "Delegation for relations with Australia and New Zealand",
            "delegation",
            "EP"
        ],
        "end_date": "2013-01-10",
        "role": "Substitute",
        "representative": [
            "olle-ludvigsson-1948-10-28"
        ],
        "link": "",
        "begin_date": "2009-09-17",
        "constituency": [
            "European Parliament",
            null
        ]
    },
    "model": "representatives.mandate"
},
{
    "fields": {
        "group": [
            "Group of the Progressive Alliance of Socialists and Democrats in the European Parliament",
            "group",
            "EP"
        ],
        "end_date": "9999-12-31",
        "role": "Member",
        "representative": [
            "olle-ludvigsson-1948-10-28"
        ],
        "link": "",
        "begin_date": "2014-07-01",
        "constituency": [
            "European Parliament",
            null
        ]
    },
    "model": "representatives.mandate"
},
{
    "fields": {
        "group": [
            "Group of the Progressive Alliance of Socialists and Democrats in the European Parliament",
            "group",
            "EP"
        ],
        "end_date": "2014-06-30",
        "role": "Member",
        "representative": [
            "olle-ludvigsson-1948-10-28"
        ],
        "link": "",
        "begin_date": "2009-07-14",
        "constituency": [
            "European Parliament",
            null
        ]
    },
    "model": "representatives.mandate"
},
{
    "fields": {
        "group": [
            "Sweden",
            "country",
            null
        ],
        "end_date": "9999-12-31",
        "role": "",
        "representative": [
            "olle-ludvigsson-1948-10-28"
        ],
        "link": "",
        "begin_date": "2014-07-01",
        "constituency": [
            "Arbetarepartiet- Socialdemokraterna",
            "SE"
        ]
    },
    "model": "representatives.mandate"
},
{
    "fields": {
        "group": [
            "European Parliament",
            "chamber",
            "EP"
        ],
        "end_date": "9999-12-31",
        "role": "",
        "representative": [
            "olle-ludvigsson-1948-10-28"
        ],
        "link": "",
        "begin_date": "2014-07-01",
        "constituency": [
            "European Parliament",
            null
        ]
    },
    "model": "representatives.mandate"
},
{
    "fields": {
        "group": [
            "Sweden",
            "country",
            null
        ],
        "end_date": "2014-06-30",
        "role": "",
        "representative": [
            "olle-ludvigsson-1948-10-28"
        ],
        "link": "",
        "begin_date": "2009-07-14",
        "constituency": [
            "Arbetarepartiet- Socialdemokraterna",
            "SE"
        ]
    },
    "model": "representatives.mandate"
},
{
    "fields": {
        "group": [
            "European Parliament",
            "chamber",
            "EP"
        ],
        "end_date": "2014-06-30",
        "role": "",
        "representative": [
            "olle-ludvigsson-1948-10-28"
        ],
        "link": "",
        "begin_date": "2009-07-14",
        "constituency": [
            "European Parliament",
            null
        ]
    },
    "model": "representatives.mandate"
}
]
